<html>
<body>
<pre>
<h1>µVision Build Log</h1>
<h2>Project:</h2>
C:\Users\apahlavan1\Google Drive\EE 319K\Lab319K\students\ap44342_kiq58\Lab10\SpaceInvaders.uvproj
Project File Date:  04/25/2015

<h2>Output:</h2>
Rebuild target 'SpaceInvaders'
assembling startup.s...
assembling random.s...
compiling TExaS.c...
compiling DAC.c...
compiling ADC.c...
compiling Timer0.c...
compiling Timer1.c...
compiling Sound.c...
assembling LCD.s...
assembling Print.s...
compiling SpaceInvaders.c...
compiling ST7735.c...
linking...
Program Size: Code=4740 RO-data=4800 RW-data=108 ZI-data=1180  
".\Tetris.axf" - 0 Error(s), 0 Warning(s).
