<html>
<body>
<pre>
<h1>µVision Build Log</h1>
<h2>Project:</h2>
C:\Users\apahlavan1\Google Drive\EE 319K\Lab319K\students\ap44342_kiq58\Lab9\UART_4C123\UART.uvproj
Project File Date:  04/20/2015

<h2>Output:</h2>
Rebuild target 'UART'
assembling startup.s...
compiling PLL.c...
compiling UART.c...
compiling UARTTestMain.c...
linking...
Program Size: Code=1888 RO-data=16 RW-data=0 ZI-data=1120  
".\UART.axf" - 0 Error(s), 0 Warning(s).
Load "C:\\Users\\apahlavan1\\Google Drive\\EE 319K\\Lab319K\\students\\ap44342_kiq58\\Lab9\\UART_4C123\\UART.axf" 
Connecting: Mode=JTAG, Speed=1000000Hz
Connection failed!, error code=&d
Error: Flash Download failed  -  Target DLL has been cancelled
Load "C:\\Users\\apahlavan1\\Google Drive\\EE 319K\\Lab319K\\students\\ap44342_kiq58\\Lab9\\UART_4C123\\UART.axf" 
Connecting: Mode=JTAG, Speed=1000000Hz
Connection failed!, error code=&d
Error: Flash Download failed  -  Target DLL has been cancelled
Load "C:\\Users\\apahlavan1\\Google Drive\\EE 319K\\Lab319K\\students\\ap44342_kiq58\\Lab9\\UART_4C123\\UART.axf" 
Connecting: Mode=JTAG, Speed=1000000Hz
Connection failed!, error code=&d
Error: Flash Download failed  -  Target DLL has been cancelled
Load "C:\\Users\\apahlavan1\\Google Drive\\EE 319K\\Lab319K\\students\\ap44342_kiq58\\Lab9\\UART_4C123\\UART.axf" 
Connecting: Mode=JTAG, Speed=1000000Hz
Erase Done.
Programming Done.
Verify OK.
</pre>
</body>
</html>
